0 verbose cli /Users/tao.ling/.nvm/versions/node/v22.17.0/bin/node /Users/tao.ling/.nvm/versions/node/v22.17.0/bin/npm
1 info using npm@10.9.2
2 info using node@v22.17.0
3 silly config load:file:/Users/tao.ling/.nvm/versions/node/v22.17.0/lib/node_modules/npm/npmrc
4 silly config load:file:/Users/tao.ling/code/github/cxresume/.npmrc
5 silly config load:file:/Users/tao.ling/.npmrc
6 silly config load:file:/Users/tao.ling/.nvm/versions/node/v22.17.0/etc/npmrc
7 verbose title npm publish
8 verbose argv "publish" "--access" "public" "--cache" "./.npm-cache"
9 verbose logfile logs-max:10 dir:/Users/tao.ling/code/github/cxresume/.npm-cache/_logs/2025-10-10T07_19_35_482Z-
10 verbose logfile /Users/tao.ling/code/github/cxresume/.npm-cache/_logs/2025-10-10T07_19_35_482Z-debug-0.log
11 silly logfile start cleaning logs, removing 1 files
12 silly logfile done cleaning log files
13 verbose publish [ '.' ]
14 silly packumentCache heap:4345298944 maxSize:1086324736 maxEntrySize:543162368
15 notice
16 notice 📦  cxresume@1.0.0
17 notice Tarball Contents
18 notice 1.1kB LICENSE
18 notice 4.4kB README-zh.md
18 notice 4.6kB README.md
18 notice 129B bin/cxresume.js
18 notice 680B package.json
18 notice 8.9kB src/index.js
18 notice 11.7kB src/tui/splitPicker.js
18 notice 2.0kB src/ui.js
18 notice 2.1kB src/utils/compress.js
18 notice 1.3kB src/utils/config.js
18 notice 5.0kB src/utils/launch.js
18 notice 2.5kB src/utils/metaQuick.js
18 notice 2.9kB src/utils/parser.js
18 notice 1.1kB src/utils/preview.js
18 notice 1.2kB src/utils/search.js
18 notice 494B src/utils/sessionFinder.js
19 notice Tarball Details
20 notice name: cxresume
21 notice version: 1.0.0
22 notice filename: cxresume-1.0.0.tgz
23 notice package size: 17.0 kB
24 notice unpacked size: 50.2 kB
25 notice shasum: a8cd5f4890a626157430f9b33b46657ef152035c
26 notice integrity: sha512-bJnN983LPJ7Uw[...]HWy6lD6FB2WaA==
27 notice total files: 16
28 notice
29 notice Publishing to https://registry.npmjs.org/ with tag latest and public access
30 http fetch PUT 401 https://registry.npmjs.org/cxresume 877ms
31 verbose web auth opening url pair
32 http fetch GET 202 https://registry.npmjs.org/-/v1/done?authId=*** 192ms
33 http fetch GET 202 https://registry.npmjs.org/-/v1/done?authId=*** 197ms
34 http fetch GET 202 https://registry.npmjs.org/-/v1/done?authId=*** 205ms
35 http fetch GET 202 https://registry.npmjs.org/-/v1/done?authId=*** 207ms
36 http fetch GET 202 https://registry.npmjs.org/-/v1/done?authId=*** 203ms
37 http fetch GET 202 https://registry.npmjs.org/-/v1/done?authId=*** 201ms
38 http fetch GET 202 https://registry.npmjs.org/-/v1/done?authId=*** 212ms
39 http fetch GET 202 https://registry.npmjs.org/-/v1/done?authId=*** 202ms
40 http fetch GET 202 https://registry.npmjs.org/-/v1/done?authId=*** 202ms
41 http fetch GET 202 https://registry.npmjs.org/-/v1/done?authId=*** 208ms
42 http fetch GET 202 https://registry.npmjs.org/-/v1/done?authId=*** 197ms
43 http fetch GET 202 https://registry.npmjs.org/-/v1/done?authId=*** 203ms
44 http fetch GET 202 https://registry.npmjs.org/-/v1/done?authId=*** 200ms
45 http fetch GET 202 https://registry.npmjs.org/-/v1/done?authId=*** 239ms
46 http fetch GET 202 https://registry.npmjs.org/-/v1/done?authId=*** 202ms
47 http fetch GET 202 https://registry.npmjs.org/-/v1/done?authId=*** 790ms
48 http fetch GET 202 https://registry.npmjs.org/-/v1/done?authId=*** 206ms
49 http fetch GET 202 https://registry.npmjs.org/-/v1/done?authId=*** 216ms
50 http fetch GET 202 https://registry.npmjs.org/-/v1/done?authId=*** 201ms
51 http fetch GET 202 https://registry.npmjs.org/-/v1/done?authId=*** 201ms
52 http fetch GET 202 https://registry.npmjs.org/-/v1/done?authId=*** 222ms
53 http fetch GET 202 https://registry.npmjs.org/-/v1/done?authId=*** 201ms
54 http fetch GET 202 https://registry.npmjs.org/-/v1/done?authId=*** 203ms
55 http fetch GET 202 https://registry.npmjs.org/-/v1/done?authId=*** 200ms
56 http fetch GET 202 https://registry.npmjs.org/-/v1/done?authId=*** 197ms
57 http fetch GET 202 https://registry.npmjs.org/-/v1/done?authId=*** 205ms
58 http fetch GET 202 https://registry.npmjs.org/-/v1/done?authId=*** 205ms
59 http fetch GET 202 https://registry.npmjs.org/-/v1/done?authId=*** 210ms
60 http fetch GET 202 https://registry.npmjs.org/-/v1/done?authId=*** 211ms
61 http fetch GET 202 https://registry.npmjs.org/-/v1/done?authId=*** 195ms
62 http fetch GET 202 https://registry.npmjs.org/-/v1/done?authId=*** 214ms
63 http fetch GET 202 https://registry.npmjs.org/-/v1/done?authId=*** 198ms
64 http fetch GET 202 https://registry.npmjs.org/-/v1/done?authId=*** 209ms
65 http fetch GET 202 https://registry.npmjs.org/-/v1/done?authId=*** 225ms
66 http fetch GET 202 https://registry.npmjs.org/-/v1/done?authId=*** 204ms
67 http fetch GET 202 https://registry.npmjs.org/-/v1/done?authId=*** 210ms
68 http fetch GET 202 https://registry.npmjs.org/-/v1/done?authId=*** 225ms
69 http fetch GET 202 https://registry.npmjs.org/-/v1/done?authId=*** 204ms
70 http fetch GET 202 https://registry.npmjs.org/-/v1/done?authId=*** 203ms
71 http fetch GET 202 https://registry.npmjs.org/-/v1/done?authId=*** 199ms
72 http fetch GET 202 https://registry.npmjs.org/-/v1/done?authId=*** 194ms
73 http fetch GET 202 https://registry.npmjs.org/-/v1/done?authId=*** 221ms
74 http fetch GET 202 https://registry.npmjs.org/-/v1/done?authId=*** 203ms
75 http fetch GET 202 https://registry.npmjs.org/-/v1/done?authId=*** 204ms
76 http fetch GET 202 https://registry.npmjs.org/-/v1/done?authId=*** 213ms
77 http fetch GET 202 https://registry.npmjs.org/-/v1/done?authId=*** 515ms
78 http fetch GET 202 https://registry.npmjs.org/-/v1/done?authId=*** 203ms
79 http fetch GET 202 https://registry.npmjs.org/-/v1/done?authId=*** 213ms
80 http fetch GET 202 https://registry.npmjs.org/-/v1/done?authId=*** 216ms
81 http fetch GET 202 https://registry.npmjs.org/-/v1/done?authId=*** 208ms
82 http fetch GET 202 https://registry.npmjs.org/-/v1/done?authId=*** 212ms
83 http fetch GET 202 https://registry.npmjs.org/-/v1/done?authId=*** 203ms
84 http fetch GET 202 https://registry.npmjs.org/-/v1/done?authId=*** 200ms
85 http fetch GET 202 https://registry.npmjs.org/-/v1/done?authId=*** 213ms
86 http fetch GET 202 https://registry.npmjs.org/-/v1/done?authId=*** 204ms
87 http fetch GET 202 https://registry.npmjs.org/-/v1/done?authId=*** 214ms
88 http fetch GET 202 https://registry.npmjs.org/-/v1/done?authId=*** 208ms
89 http fetch GET 202 https://registry.npmjs.org/-/v1/done?authId=*** 196ms
90 http fetch GET 202 https://registry.npmjs.org/-/v1/done?authId=*** 212ms
91 http fetch GET 202 https://registry.npmjs.org/-/v1/done?authId=*** 201ms
92 http fetch GET 202 https://registry.npmjs.org/-/v1/done?authId=*** 212ms
93 http fetch GET 202 https://registry.npmjs.org/-/v1/done?authId=*** 216ms
94 http fetch GET 202 https://registry.npmjs.org/-/v1/done?authId=*** 195ms
95 http fetch GET 202 https://registry.npmjs.org/-/v1/done?authId=*** 202ms
96 http fetch GET 202 https://registry.npmjs.org/-/v1/done?authId=*** 199ms
97 http fetch GET 202 https://registry.npmjs.org/-/v1/done?authId=*** 204ms
98 http fetch GET 202 https://registry.npmjs.org/-/v1/done?authId=*** 206ms
99 http fetch GET 202 https://registry.npmjs.org/-/v1/done?authId=*** 203ms
100 http fetch GET 202 https://registry.npmjs.org/-/v1/done?authId=*** 197ms
101 http fetch GET 202 https://registry.npmjs.org/-/v1/done?authId=*** 210ms
102 http fetch GET 202 https://registry.npmjs.org/-/v1/done?authId=*** 209ms
103 http fetch GET 202 https://registry.npmjs.org/-/v1/done?authId=*** 194ms
104 http fetch GET 202 https://registry.npmjs.org/-/v1/done?authId=*** 197ms
105 http fetch GET 202 https://registry.npmjs.org/-/v1/done?authId=*** 202ms
106 http fetch GET 202 https://registry.npmjs.org/-/v1/done?authId=*** 208ms
107 http fetch GET 202 https://registry.npmjs.org/-/v1/done?authId=*** 206ms
108 http fetch GET 202 https://registry.npmjs.org/-/v1/done?authId=*** 201ms
109 http fetch GET 202 https://registry.npmjs.org/-/v1/done?authId=*** 201ms
110 http fetch GET 202 https://registry.npmjs.org/-/v1/done?authId=*** 213ms
111 http fetch GET 202 https://registry.npmjs.org/-/v1/done?authId=*** 207ms
112 http fetch GET 202 https://registry.npmjs.org/-/v1/done?authId=*** 193ms
113 http fetch GET 202 https://registry.npmjs.org/-/v1/done?authId=*** 700ms
114 http fetch GET 202 https://registry.npmjs.org/-/v1/done?authId=*** 227ms
115 http fetch GET 202 https://registry.npmjs.org/-/v1/done?authId=*** 244ms
116 http fetch GET 202 https://registry.npmjs.org/-/v1/done?authId=*** 220ms
117 http fetch GET 202 https://registry.npmjs.org/-/v1/done?authId=*** 202ms
