0 verbose cli /Users/tao.ling/.nvm/versions/node/v22.17.0/bin/node /Users/tao.ling/.nvm/versions/node/v22.17.0/bin/npm
1 info using npm@10.9.2
2 info using node@v22.17.0
3 silly config load:file:/Users/tao.ling/.nvm/versions/node/v22.17.0/lib/node_modules/npm/npmrc
4 silly config load:file:/Users/tao.ling/code/github/cxresume/.npmrc
5 silly config load:file:/Users/tao.ling/.npmrc
6 silly config load:file:/Users/tao.ling/.nvm/versions/node/v22.17.0/etc/npmrc
7 verbose title npm publish
8 verbose argv "publish" "--access" "public" "--cache" "./.npm-cache"
9 verbose logfile logs-max:10 dir:/Users/tao.ling/code/github/cxresume/.npm-cache/_logs/2025-10-10T07_17_02_558Z-
10 verbose logfile /Users/tao.ling/code/github/cxresume/.npm-cache/_logs/2025-10-10T07_17_02_558Z-debug-0.log
11 silly logfile done cleaning log files
12 verbose publish [ '.' ]
13 silly packumentCache heap:4345298944 maxSize:1086324736 maxEntrySize:543162368
14 notice
15 notice 📦  cxresume@1.0.0
16 notice Tarball Contents
17 notice 1.1kB LICENSE
17 notice 4.4kB README-zh.md
17 notice 4.6kB README.md
17 notice 129B bin/cxresume.js
17 notice 680B package.json
17 notice 8.9kB src/index.js
17 notice 11.7kB src/tui/splitPicker.js
17 notice 2.0kB src/ui.js
17 notice 2.1kB src/utils/compress.js
17 notice 1.3kB src/utils/config.js
17 notice 5.0kB src/utils/launch.js
17 notice 2.5kB src/utils/metaQuick.js
17 notice 2.9kB src/utils/parser.js
17 notice 1.1kB src/utils/preview.js
17 notice 1.2kB src/utils/search.js
17 notice 494B src/utils/sessionFinder.js
18 notice Tarball Details
19 notice name: cxresume
20 notice version: 1.0.0
21 notice filename: cxresume-1.0.0.tgz
22 notice package size: 17.0 kB
23 notice unpacked size: 50.2 kB
24 notice shasum: a8cd5f4890a626157430f9b33b46657ef152035c
25 notice integrity: sha512-bJnN983LPJ7Uw[...]HWy6lD6FB2WaA==
26 notice total files: 16
27 notice
28 notice Publishing to https://registry.npmjs.org/ with tag latest and public access
29 http fetch PUT 401 https://registry.npmjs.org/cxresume 1039ms
30 verbose web auth opening url pair
31 http fetch GET 202 https://registry.npmjs.org/-/v1/done?authId=*** 206ms
32 http fetch GET 202 https://registry.npmjs.org/-/v1/done?authId=*** 234ms
33 http fetch GET 202 https://registry.npmjs.org/-/v1/done?authId=*** 204ms
34 http fetch GET 202 https://registry.npmjs.org/-/v1/done?authId=*** 213ms
35 http fetch GET 202 https://registry.npmjs.org/-/v1/done?authId=*** 219ms
36 http fetch GET 202 https://registry.npmjs.org/-/v1/done?authId=*** 205ms
37 http fetch GET 202 https://registry.npmjs.org/-/v1/done?authId=*** 220ms
38 http fetch GET 202 https://registry.npmjs.org/-/v1/done?authId=*** 208ms
39 http fetch GET 202 https://registry.npmjs.org/-/v1/done?authId=*** 220ms
40 http fetch GET 202 https://registry.npmjs.org/-/v1/done?authId=*** 209ms
41 http fetch GET 202 https://registry.npmjs.org/-/v1/done?authId=*** 213ms
42 http fetch GET 202 https://registry.npmjs.org/-/v1/done?authId=*** 215ms
43 http fetch GET 202 https://registry.npmjs.org/-/v1/done?authId=*** 210ms
44 http fetch GET 202 https://registry.npmjs.org/-/v1/done?authId=*** 205ms
45 http fetch GET 202 https://registry.npmjs.org/-/v1/done?authId=*** 223ms
46 http fetch GET 202 https://registry.npmjs.org/-/v1/done?authId=*** 339ms
47 http fetch GET 202 https://registry.npmjs.org/-/v1/done?authId=*** 199ms
48 http fetch GET 202 https://registry.npmjs.org/-/v1/done?authId=*** 203ms
49 http fetch GET 202 https://registry.npmjs.org/-/v1/done?authId=*** 207ms
50 http fetch GET 202 https://registry.npmjs.org/-/v1/done?authId=*** 231ms
51 http fetch GET 202 https://registry.npmjs.org/-/v1/done?authId=*** 209ms
52 http fetch GET 202 https://registry.npmjs.org/-/v1/done?authId=*** 234ms
53 http fetch GET 202 https://registry.npmjs.org/-/v1/done?authId=*** 237ms
54 http fetch GET 202 https://registry.npmjs.org/-/v1/done?authId=*** 214ms
55 http fetch GET 202 https://registry.npmjs.org/-/v1/done?authId=*** 232ms
56 http fetch GET 202 https://registry.npmjs.org/-/v1/done?authId=*** 212ms
57 http fetch GET 202 https://registry.npmjs.org/-/v1/done?authId=*** 211ms
58 http fetch GET 202 https://registry.npmjs.org/-/v1/done?authId=*** 206ms
59 http fetch GET 202 https://registry.npmjs.org/-/v1/done?authId=*** 214ms
60 http fetch GET 202 https://registry.npmjs.org/-/v1/done?authId=*** 210ms
61 http fetch GET 202 https://registry.npmjs.org/-/v1/done?authId=*** 207ms
62 http fetch GET 202 https://registry.npmjs.org/-/v1/done?authId=*** 218ms
63 http fetch GET 202 https://registry.npmjs.org/-/v1/done?authId=*** 312ms
64 http fetch GET 202 https://registry.npmjs.org/-/v1/done?authId=*** 212ms
65 http fetch GET 202 https://registry.npmjs.org/-/v1/done?authId=*** 217ms
66 http fetch GET 202 https://registry.npmjs.org/-/v1/done?authId=*** 209ms
67 http fetch GET 202 https://registry.npmjs.org/-/v1/done?authId=*** 211ms
68 http fetch GET 202 https://registry.npmjs.org/-/v1/done?authId=*** 211ms
69 http fetch GET 202 https://registry.npmjs.org/-/v1/done?authId=*** 221ms
70 http fetch GET 202 https://registry.npmjs.org/-/v1/done?authId=*** 221ms
71 http fetch GET 202 https://registry.npmjs.org/-/v1/done?authId=*** 204ms
72 http fetch GET 202 https://registry.npmjs.org/-/v1/done?authId=*** 214ms
73 http fetch GET 202 https://registry.npmjs.org/-/v1/done?authId=*** 198ms
74 http fetch GET 202 https://registry.npmjs.org/-/v1/done?authId=*** 211ms
75 http fetch GET 202 https://registry.npmjs.org/-/v1/done?authId=*** 201ms
76 http fetch GET 202 https://registry.npmjs.org/-/v1/done?authId=*** 220ms
77 http fetch GET 202 https://registry.npmjs.org/-/v1/done?authId=*** 204ms
