0 verbose cli /opt/homebrew/Cellar/node/24.4.1/bin/node /opt/homebrew/bin/npm
1 info using npm@11.4.2
2 info using node@v24.4.1
3 silly config load:file:/opt/homebrew/lib/node_modules/npm/npmrc
4 silly config load:file:/Users/tao.ling/code/github/cxresume/.npmrc
5 silly config load:file:/Users/tao.ling/.npmrc
6 silly config load:file:/opt/homebrew/etc/npmrc
7 verbose title npm pack
8 verbose argv "pack" "--dry-run" "--cache" "./.npm-cache"
9 verbose logfile logs-max:10 dir:/Users/tao.ling/code/github/cxresume/.npm-cache/_logs/2025-10-10T07_10_07_328Z-
10 verbose logfile /Users/tao.ling/code/github/cxresume/.npm-cache/_logs/2025-10-10T07_10_07_328Z-debug-0.log
11 silly logfile done cleaning log files
12 silly packumentCache heap:4496293888 maxSize:1124073472 maxEntrySize:562036736
13 notice
14 notice 📦  cxresume@1.0.0
15 notice Tarball Contents
16 notice 1.1kB LICENSE
16 notice 4.4kB README-zh.md
16 notice 4.6kB README.md
16 notice 129B bin/cxresume.js
16 notice 680B package.json
16 notice 8.9kB src/index.js
16 notice 11.7kB src/tui/splitPicker.js
16 notice 2.0kB src/ui.js
16 notice 2.1kB src/utils/compress.js
16 notice 1.3kB src/utils/config.js
16 notice 5.0kB src/utils/launch.js
16 notice 2.5kB src/utils/metaQuick.js
16 notice 2.9kB src/utils/parser.js
16 notice 1.1kB src/utils/preview.js
16 notice 1.2kB src/utils/search.js
16 notice 494B src/utils/sessionFinder.js
17 notice Tarball Details
18 notice name: cxresume
19 notice version: 1.0.0
20 notice filename: cxresume-1.0.0.tgz
21 notice package size: 16.7 kB
22 notice unpacked size: 50.2 kB
23 notice shasum: 61ed9bbf5825147281f9144b5b3fecf92a9ff565
24 notice integrity: sha512-r81I2nZQedh68[...]6q2Vw5+0TiFJg==
25 notice total files: 16
26 notice
27 verbose cwd /Users/tao.ling/code/github/cxresume
28 verbose os Darwin 24.5.0
29 verbose node v24.4.1
30 verbose npm  v11.4.2
31 verbose exit 0
32 info ok
