0 verbose cli /opt/homebrew/Cellar/node/24.4.1/bin/node /opt/homebrew/bin/npm
1 info using npm@11.4.2
2 info using node@v24.4.1
3 silly config load:file:/opt/homebrew/lib/node_modules/npm/npmrc
4 silly config load:file:/Users/tao.ling/code/github/cxresume/.npmrc
5 silly config load:file:/Users/tao.ling/.npmrc
6 silly config load:file:/opt/homebrew/etc/npmrc
7 verbose title npm pack
8 verbose argv "--cache" ".npm-cache" "pack" "--dry-run"
9 verbose logfile logs-max:10 dir:/Users/tao.ling/code/github/cxresume/.npm-cache/_logs/2025-10-10T07_07_58_614Z-
10 verbose logfile /Users/tao.ling/code/github/cxresume/.npm-cache/_logs/2025-10-10T07_07_58_614Z-debug-0.log
11 silly logfile done cleaning log files
12 silly packumentCache heap:4496293888 maxSize:1124073472 maxEntrySize:562036736
13 http fetch GET https://registry.npmjs.org/npm attempt 1 failed with ENOTFOUND
14 notice
15 notice 📦  cxresume@0.1.1
16 notice Tarball Contents
17 notice 1.1kB LICENSE
17 notice 4.4kB README-zh.md
17 notice 4.6kB README.md
17 notice 129B bin/cxresume.js
17 notice 680B package.json
17 notice 8.9kB src/index.js
17 notice 11.7kB src/tui/splitPicker.js
17 notice 2.0kB src/ui.js
17 notice 2.1kB src/utils/compress.js
17 notice 1.3kB src/utils/config.js
17 notice 5.0kB src/utils/launch.js
17 notice 2.5kB src/utils/metaQuick.js
17 notice 2.9kB src/utils/parser.js
17 notice 1.1kB src/utils/preview.js
17 notice 1.2kB src/utils/search.js
17 notice 494B src/utils/sessionFinder.js
18 notice Tarball Details
19 notice name: cxresume
20 notice version: 0.1.1
21 notice filename: cxresume-0.1.1.tgz
22 notice package size: 16.7 kB
23 notice unpacked size: 50.2 kB
24 notice shasum: 163398c9e1932793f42119b8ff584790af6749d4
25 notice integrity: sha512-IdZKmne8kUH8L[...]hV+YhGAB2smrQ==
26 notice total files: 16
27 notice
28 verbose cwd /Users/tao.ling/code/github/cxresume
29 verbose os Darwin 24.5.0
30 verbose node v24.4.1
31 verbose npm  v11.4.2
32 verbose exit 0
33 info ok
